[    000000] Initializing cgroup subsys cpuset
[    0.000000] Initializing cgroup subsys cpu
[    0.000000] Initializing cgroup subsys cpuacct
[    0.000000] Linux version 4.0-37-generic (buil@lw0-amd64-037) (gcc version 5.4.0 20160609 (Ubuntu 5.4.0-6ubuntu1~16.04.10) ) #163-Ubuntu SMP Mon Sep 24 13:14:43 UTC 2018 (Ubuntu 4.4.0-137.163-generic 4.4.144)[   0.000000] Command line: BOOT_IMAGE=/boot/vmlinuz-4..0-137geriic ro=LBEL=coudimg-rootfs  console=tty1 console=ttyS0
[    0.000000] KERNEL supported cpus:
[    0.000000]   Intel enuineIntel
[    0.000000]   AMD AuthenticAMD
[    0.000000]   Centaur CentaurHauls
[    0.000000] x86/fpu: xstate_offset[2]:  576, xstate_sizes[2]:  256
[    0.000000] x86/fpu: Supporting XSAVE feature 0x01: 'x87 floating point registers'
[    0.000000] x86/fpu: Supporting XSAVE feature 0x02: 'SSE registers'
[    0.000000] x86/fpu: Supporting XSAVE feature 0x04: 'AVX registers'
[    0.000000] x86/fpu: Enabled xstate features 0x7, context size is 832 bytes, using 'standard' format.
[    0.000000] e820: BIOS-provided physical RAM map:
[    0.000000] BIOS-e820: [mem 0x0000000000000000-0x000000000009fbff] usable
[   0.000000] BIOS-e20: [m 0x000000000009c00-0x000000000009ffff] reserved
[    0.000000] BIOS-e820: [mem 0x00000000000f0000-0x00000000000fffff] reserved
[    0.000000] BIOS-e820: [mem 0x0000000000100000-0x000000003ffeffff] usable
[    0.000000] BIOS-e820: [mem 0x000000003fff0000-0x000000003fffffff] ACPI data
[    0.000000] BIOS-e820: [mem 0x00000000fec00000-0x00000000fec00fff] reserved
[    0.000000] BIOS-e820: [mem 0x00000000fee00000-0x00000000fee00fff] reserved
[    0.000000] BIOS-e820: [mem 0x00000000fffc0000-0x00000000ffffffff] reserve
    0.000]NX (Execute Dabe)protection: active
[    00000 SMBIOS.5present.
[    0.00000] Hypeisr etected: KVM
[    0.000000] e20: last_pfn = 0x3fff0 max_arch_pfn = 0x400000000
[    0.000000] MTRR: Disabled
[    0.000000] x86/PAT: MTRs disabled, skppngPA initializion too.
[    0.000000] CPU MTRRs ll blank - virtualized system.
[    0.000000] x86/PAT: Configuration [0-7]: WB  WT  UC- UC  WB  WT  UC- UC  
[    0.000000] found SMP MP-table at [mem 0x0009fff0-0x0009ffff] mapped at [ffff88000009fff0]
[    0.000000] Scanning 1 areas for low memory corruption
[    0.000000] RAMDISK: [mem 0x3630a000-0x37cff]
[    0.000000] ACPI: Early table checksum verification disabled
[    0.000000] ACPI: RSDP 0x00000000000E0000 000024 (v02 VBOX  )
[  0000000] PI XDT 0x000003FFF0030 00003C (v01 VBOX   VBOXXSDT 00000001 ASL  00000061)
[    0.000000] ACPI: FACP 0x000000003FFF00F0 000F4(v4 BOX   VBOAC 0000001 AS 000061)
[  0.000000] ACPI: DSDT 0x000000003FFF0470 0021FF (v02 VBOX   VBOXBIOS 00000002 INTL 20100528)
[   0.000000] ACPI: FACS 0x000000003FFF0200 000040
[    0.000000] AC: ACS 0x000000003FFF0200 000040
[    0.000000] ACPI: APIC 0x000000003FFF0240 00005C (v0 VX   VBOXAPIC 00000001 ASL  00000061)
[    0.000000] ACPI: SSDT 0x000000003FFF02A0 0001CC (v01 VBOX   VBOXCPUT 000002 INTL 20100528)
[    0.000000] No NUMA configuration found
[    0.000000] Faking a node at [mem 0x0000000000000000-0x000000003ffeffff]
[    0.000000] NODE_DATA(0) allocated [mem 0x3ffeb000-0x3ffefffff]
[    0.000000] kvm-clock: Using msrs 4b564d01 and 4b564d00
[    0.000000] kvm-clock: cpu 0, msr 0:3ffe3001, primary cpu clock
[    0.000000] kvm-clock: using sched offset of 4037548952 ycles
[    0.000000] clocksource: kvm-clock: mask0xffffffffffffffff max_cycles: 0x1cd42e4dffb, max_idle_ns: 881590591483 ns
[    0.0000] one ranges:
[   .00000]   DMA      [mem 0x0000000000001000-0x0000000000ffffff]
[    0.000000]   DMA32    [mem 0x0000000001000000-0x000000003fefff
    0.000000]   Normal   empty
[    0.000000]   Device   empty
[    0.000000] Movable zone start for each node
[    0.000000] Early memory node ranges
[    0.000000]   node   0: [mem 0x0000000000001000-0x00000000009efff
[    00000   nod  : mem 0x0000000000100000-0x000000003ffeffff]
[    0.000000] Initmem setup node 0 [mem 0x0000000000001000-0x000000003ffeffff]
[    0.000000] ACPI: PM-Timer IO Port0x008
[  000000] IAPC[]: apic_id 2, version 32, address 0xfec00000, GSI 0-23
[    0.000000] ACPI: INT_SRC_OVR (bus 0 bus_irq 0 global_irq 2 dfl dfl)
[    0.000000] ACPI: INT_SRC_OVR (bus 0 bus_irq 9 globair 9low lel)
[   0.000000] Usi API(MADT) forSM cnfiguration information
[    0.000000] smoo: llowing 2 CPUs, 0 hotplug CPUs
[    0.000000] PM: Registered nosave memory: [mem 0x00000000-00000fff]
[    0.000000] PM: Registered nosave memory: [mem 0x0009f000-0x0009ffff]
[   0.000000] PM: Registered nosave memory: [mem 0x000a0000-0x000effff]
[    0.000000] PM: Registered nosave memory: [mem 0x000f0000-0x000fffff]
[    0.000000] e820: [mem 0x40000000-0xfebfffff] available for PCI devices
[    0.000000] Booting paravirtualized kernel on KVM
[    0.000000] clocksource: refined-jiffies: mask: 0xffffffff max_cycles: 0xffffffff, max_idle_ns: 7645519600211568 ns
[    0.00000] setup_percpu: NR_CPUS:512 nr_cpumask_bits:2 nrpu_ids:2 n_nde_is:1
[    0.000000] PERCPU: Embedded 34 pages/cpu @ffff88003fc00000 s99608 r8192 d31464 u1048576
[    0.000000] PV qspinlock hash table entries: 256 (order: 0, 4096 bytes)
[    0.000000] Built 1 zonelists in Node order,  mobility grouping on.  Total pages: 257912
[    0.000000] Policy zone: DMA32
[    0.000000] Kernel command line: BOOT_IMAGE=/boot/vmlinuz-4.4.0-137-generic root=LABEL=cloudimg-rootfs ro console=tty1 console=ttyS0
[    0.000000] PID hash table entries: 4096 (order: 3, 32768 bytes)
[    0.000000] Memory: 997708K/1048120K available (8555K kernel code, 1314K rwdata, 4004K rodata, 1528K init, 1316K bss, 50412K reserved, 0K cmareserved)
[    0.000000] SLUB: HWalign=64, Order=0-3, MinObjects=0, CPUs=2, Nodes=1
[    0.000000] Kernel/User page tables isolation: enabed
[    0.0000] iearchical RCU implementation.
[    0.0000] 	Build-time adjustment of leaf fanout to 64.
[    0.000000] 	RCU restricting CPUs from NR_CPUS=512 to nr_cpu_ids=2.
[    0.000000] RCU: Adjusting geometry for rcu_fant_ea=64, nr_cpu_ids=2
[    0.000000] NR_IRQS:33024 nr_irqs:440 16
[    0.000000] Console: colouur VGA+ 80x25
[    0.000000] console [tty1] enabled
[    0.000000] console [ttyS0] enabled
[    0.000000] tsc: Detected 2904.000 MHz processor
[    3.031966] Cabratingdelay loop (skipped) preset value.. 5808.00 BogoMIPS (lpj=11616000)
[    3.081719] pid_max: default: 32768 minimum: 301
[    3.089488] ACPI: Core revision 20150930
[    3.094114] ACPI: 2 ACPI AML tables successfully acquired and loaded
[    3.097771] Security Framework initialized
[    3.118357] Yama: becoming mindful.
[    3.121415] AppArmor: AppArmor initialized
[    3.128010] Dentry cache hash table entries: 131072 (order: 8, 1048576 bytes)
[    3.132380] Inode-cache hash table entries: 65536 (order: 7, 524288 bytes)
[    3.159454] Mount-cache hash table entries: 2048 (order: 2, 16384 bytes)
[    3.207494] Mountpoint-cache hash table entries: 2048 (order: 2, 16384 bytes)
[    3.237319] Initializing cgroup subsys io
[    3.239621] Initializing cgroup subsys memory
[    3.241465] Initializing cgroup subsys devices
[    3.249027] Initializing cgroup subsys freezer
[    3.250746] Initializing cgroup subsys net_cls
[    3.258041] Initializing cgroup subsys perf_event
[    3.276610] Initializing cgroup subsys net_prio
[    3.278319] Initializing cgroup subsys hugetlb
[    3.302475] Initializing cgroup subsys pids
[    3.311458] mce: CPU supports 0 MCE banks
[    3.321770] Last level iTLB entries: 4KB 64, 2MB 8, 4MB 8
[    3.357978] Last level dTLB entries: 4KB 64, 2MB 0, 4MB 0, 1GB 4
[    3.411197] Spectre V2 : Mitigation: Full generic retpoline
[    3.413775] Spectre V2 : Spectre v2 mitigation: Speculation control IBPB not-supported IBRS not-supported
[    3.417702] Spectre V2 : Spectre v2 / SpectreRSB mitigation: Filling RSB on context switch
[    3.421934] Speculative Store Bypass: Vulnerable
[    3.439239] Freeing SMP alternatives memory: 32K
[    3.456011] ftrace: allocating 32265 entries in 127 pages
[    3.556437] smpboot: APIC(0) Converting physical 0 to logical package 0
[    3.605618] smpboot: Max logical packages: 1
[    3.619748] x2apic enabled
[    3.644941] Switched APIC routing to physical x2apic.
[    3.661365] ..TIMER: vector=0x30 apic1=0 pin1=2 apic2=-1 pin2=-1
[    3.783340] smpboot: CPU0: Intel(R) Core(TM) i5-6267U CPU @ 2.90GHz (family: 0x6, model: 0x4e, stepping: 0x3)
[    3.810267] Performance Events: unsupported p6 CPU model 78 no PMU driver, software events only.
[    3.825488] KVM setup paravirtual spinlock
[    3.827621] x86: Booting SMP configuration:
[    3.829388] .... node  #0, CPUs:      #1
[    3.837043] kvm-clock: cpu 1, msr 0:3ffe3041, secondary cpu clock
[    3.849440] mce: CPU supports 0 MCE banks
[    3.852715] x86: Booted up 1 node, 2 CPUs
[    3.860122] smpboot: Total of 2 processors activated (11616.00 BogoMIPS)
[    3.863111] devtmpfs: initialized
[    3.865884] evm: security.selinux
[    3.867324] evm: security.SMACK64
[    3.868523] evm: security.SMACK64EXEC
[    3.871162] evm: security.SMACK64TRANSMUTE
[    3.872771] evm: security.SMACK64MMAP
[    3.873993] evm: security.ima
[    3.875006] evm: security.capability
[    3.876450] clocksource: jiffies: mask: 0xffffffff max_cycles: 0xffffffff, max_idle_ns: 7645041785100000 ns
[    3.879410] futex hash table entries: 512 (order: 3, 32768 bytes)
[    3.881454] pinctrl core: initialized pinctrl subsystem
[    3.883550] RTC time: 17:13:01, date: 10/30/18
[    3.885340] NET: Registered protocol family 16
[    3.898585] cpuidle: using governor ladder
[    3.911030] cpuidle: using governor menu
[    3.913725] PCCT header not found.
[    3.915990] ACPI: bus type PCI registered
[    3.922206] acpiphp: ACPI Hot Plug PCI Controller Driver version: 0.5
[    3.925789] PCI: Using configuration type 1 for base access
[    3.947844] ACPI: Added _OSI(Module Device)
[    3.951566] ACPI: Added _OSI(Processor Device)
[    3.954169] ACPI: Added _OSI(3.0 _SCP Extensions)
[    3.958028] ACPI: Added _OSI(Processor Aggregator Device)
[    3.962746] ACPI: Executed 1 blocks of module-level executable AML code
[    3.973929] ACPI: Interpreter enabled
[    3.982485] ACPI: (supports S0 S5)
[    3.987302] ACPI: Using IOAPIC for interrupt routing
[    3.989829] PCI: Using host bridge windows from ACPI; if necessary, use "pci=nocrs" and report a bug
[    4.005827] ACPI: PCI Root Bridge [PCI0] (domain 0000 [bus 00-ff])
[    4.009194] acpi PNP0A03:00: _OSC: OS supports [ASPM ClockPM Segments MSI]
[    4.013971] acpi PNP0A03:00: _OSC: not requesting OS control; OS requires [ExtendedConfig ASPM ClockPM MSI]
[    4.064298] acpi PNP0A03:00: fail to add MMCONFIG information, can't access extended PCI configuration space under this bridge.
[    4.087819] PCI host bridge to bus 0000:00
[    4.096142] pci_bus 0000:00: root bus resource [io  0x0000-0x0cf7 window]
[    4.099577] pci_bus 0000:00: root bus resource [io  0x0d00-0xffff window]
[    4.101678] pci_bus 0000:00: root bus resource [mem 0x000a0000-0x000bffff window]
[    4.103981] pci_bus 0000:00: root bus resource [mem 0x40000000-0xfdffffff window]
[    4.112410] pci_bus 0000:00: root bus resource [bus 00-ff]
[    4.151011] pci 0000:00:01.1: legacy IDE quirk: reg 0x10: [io  0x01f0-0x01f7]
[    4.161310] pci 0000:00:01.1: legacy IDE quirk: reg 0x14: [io  0x03f6]
[    4.203134] pci 0000:00:01.1: legacy IDE quirk: reg 0x18: [io  0x0170-0x0177]
[    4.207795] pci 0000:00:01.1: legacy IDE quirk: reg 0x1c: [io  0x0376]
[    4.265890] pci 0000:00:07.0: quirk: [io  0x4000-0x403f] claimed by PIIX4 ACPI
[    4.285217] pci 0000:00:07.0: quirk: [io  0x4100-0x410f] claimed by PIIX4 SMB
[    4.348180] ACPI: PCI Interrupt Link [LNKA] (IRQs 5 9 10 *11)
[    4.365437] ACPI: PCI Interrupt Link [LNKB] (IRQs 5 9 *10 11)
[    4.368158] ACPI: PCI Interrupt Link [LNKC] (IRQs 5 *9 10 11)
[    4.377780] ACPI: PCI Interrupt Link [LNKD] (IRQs 5 9 10 *11)
[    4.388848] ACPI: Enabled 2 GPEs in block 00 to 07
[    4.397856] vgaarb: setting as boot device: PCI:0000:00:02.0
[    4.453203] vgaarb: device added: PCI:0000:00:02.0,decodes=io+mem,owns=io+mem,locks=none
[    4.463578] vgaarb: loaded
[    4.464752] vgaarb: bridge control possible 0000:00:02.0
[    4.485602] SCSI subsystem initialized
[    4.523667] ACPI: bus type USB registered
[    4.547922] usbcore: registered new interface driver usbfs
[    4.559693] usbcore: registered new interface driver hub
[    4.589081] usbcore: registered new device driver usb
[    4.605237] PCI: Using ACPI for IRQ routing
[    4.607375] NetLabel: Initializing
[    4.608720] NetLabel:  domain hash size = 128
[    4.624262] NetLabel:  protocols = UNLABELED CIPSOv4
[    4.637110] NetLabel:  unlabeled traffic allowed by default
[    4.649063] amd_nb: Cannot enumerate AMD northbridges
[    4.679641] clocksource: Switched to clocksource kvm-clock
[    4.69895 ApAmor: AppArm Fesstm Enabled[    5.002539] pnp: PnP ACPI init
[    5.037527] pnp: PnP APIfond 3 dics
[   .2083] clocksource: acpi_pm: mask: 0xffff max_cycles: 0xffffff, max_idle_ns: 2085701024 ns
[   43055]NET: Registered protocol family 2

[    5.561147] TCP established hash table entries: 8192 (order: 4, 65536 bytes)
[  5569598] TCP bind hash tabl entie: 8192 (order: 5, 131072 bytes)
[    5.717746] TCP: Hash tables configured (eabishe8192ind 8192)
[    5.890310]DP hash table entres 52 orer:  16384 bytes)
[    6.145891] UDP-Lite hash table entries: 512 (order: 2, 16384 bytes)
[    6.149817] NET:Registered protocol family 1
[    6.2020]pc 000000.: imtig irect PCI/PCI tansfers
[   .54482] ci000:0:1.: ctvating ISA DMA hang workarounds
[    6.825359] Unpacking initramfs...

[    7.067543] Freeing initrd memory: 14796K
[    7.069372] platform rtc_cmos: registered platform RTC device (no PNP device found)
[    7.083790] Scanning for low memory corruption every 60 seconds
[    7.086555] audit: initializing netlink subsys (disabled)
[    7.132945] audit: type=2000 audit(1540919586.597:1): initialized
[    7.165412] Initialise system trusted keyring
[    7.170867] HugeTLB registered 2 MB page size, pre-allocated 0 pages
[    7.181185] zbud: loaded
[    7.192595] VFS: Disk quotas dquot_6.6.0
[    7.195924] VFS: Dquot-cache hash table entries: 512 (order 0, 4096 bytes)
[    7.239706] squashfs: version 4.0 (2009/01/31) Phillip Lougher
[    7.267760] fuse init (API version 7.23)
[    7.269922] Key type big_key registered
[    7.271752] Allocating IMA MOK and blacklist keyrings.
[    7.279748] Key type asymmetric registered
[    7.282516] Asymmetric key parser 'x509' registered
[    7.286729] Block layer SCSI generic (bsg) driver version 0.4 loaded (major 249)
[    7.296287] io scheduler noop registered
[    7.298643] io scheduler deadline registered (default)
[    7.303215] io scheduler cfq registered
[    7.305962] pci_hotplug: PCI Hot Plug PCI Core version: 0.5
[    7.311481] pciehp: PCI Express Hot Plug Controller Driver version: 0.4
[    7.316427] ACPI: AC Adapter [AC] (off-line)
[    7.322628] input: Power Button as /devices/LNXSYSTM:00/LNXPWRBN:00/input/input0
[    7.327009] ACPI: Power Button [PWRF]
[    7.330306] input: Sleep Button as /devices/LNXSYSTM:00/LNXSLPBN:00/input/input1
[    7.341146] ACPI: Sleep Button [SLPF]
[    7.347976] GHE: ESisotenbld!
[   .38045] ACPI: Battery Slot [BAT0] (battery present)

[    7.668707] Serial: 8250/16550 driver, 32 ports, IRQ sharing enabled
[    7.727160] 00:02: ttyS0 at I/O 0x3f8 (irq = 4, base_baud = 115200) is a 16550A
[    7.775837] Linux agpgart interface v0.103
[    7.779357] loop: module loaded
[    7.790539] scsi host0: ata_piix
[    7.803007] scsi host1: ata_piix
[    7.832765] ata1: PATA max UDMA/33 cmd 0x1f0 ctl 0x3f6 bmdma 0xd000 irq 14
[    7.835129] ata2: PATA max UDMA/33 cmd 0x170 ctl 0x376 bmdma 0xd008 irq 15
[    7.837819] libphy: Fixed MDIO Bus: probed
[    7.839409] tun: Universal TUN/TAP device driver, 1.6
[    7.912789] tun: (C) 1999-2004 Max Krasnyansky <maxk@qualcomm.com>
[    7.930829] PPP generic driver version 2.4.2
[    7.934774] ehci_hcd: USB 2.0 'Enhanced' Host Controller (EHCI) Driver
[    7.952562] ehci-pci: EHCI PCI platform driver
[    8.032713] ehci-platform: EHCI generic platform driver
[    8.093485] tsc: Refined TSC clocksource calibration: 2903.339 MHz
[    8.149957] clocksource: tsc: mask: 0xffffffffffffffff max_cycles: 0x29d9950aa40, max_idle_ns: 440795254632 ns
[    8.150055] ohci_hcd: USB 1.1 'Open' Host Controller (OHCI) Driver
[    8.150065] ohci-pci: OHCI PCI platform driver
[    8.150083] ohci-platform: OHCI generic platform driver
[    8.150094] uhci_hcd: USB Universal Host Controller Interface driver
[    8.150171] i8042: PNP: PS/2 Controller [PNP0303:PS2K,PNP0f03:PS2M] at 0x60,0x64 irq 1,12
[    8.150719] serio: i8042 KBD port at 0x60,0x64 irq 1
[    8.150726] serio: i8042 AUX port at 0x60,0x64 irq 12
[    8.194369] mousedev: PS/2 mouse device common for all mice
[    8.194629] input: AT Translated Set 2 keyboard as /devices/platform/i8042/serio0/input/input2
[    8.195051] rtc_cmos rtc_cmos: rtc core: registered rtc_cmos as rtc0
[    8.195106] rtc_cmos rtc_cmos: alarms up to one day, 114 bytes nvram
[    8.195112] i2c /dev entries driver
[    8.195163] device-mapper: uevent: version 1.0.3
[    8.195210] device-mapper: ioctl: 4.34.0-ioctl (2015-10-28) initialised: dm-devel@redhat.com
[    8.195229] ledtrig-cpu: registered to indicate activity on CPUs
[    8.195480] NET: Registered protocol family 10
[    8.195599] NET: Registered protocol family 17
[    8.195608] Key type dns_resolver registered
[    8.195847] registered taskstats version 1
[    8.195858] Loading compiled-in X.509 certificates
[    8.196388] Loaded X.509 cert 'Build time autogenerated kernel key: 20acc96b50ca7641011eace69d32209215a9b56f'
[    8.196405] zswap: loaded using pool lzo/zbud
[    8.197688] Key type trusted registered
[    8.199747] Key type encrypted registered
[    8.199752] AppArmor: AppArmor sha1 policy hashing enabled
[    8.199754] ima: No TPM chip found, activating TPM-bypass!
[    8.199759] ima: Allocated hash algorithm: sha1
[    8.199770] evm: HMAC attrs: 0x1
[    8.200126]   Magic number: 6:252:240
[    8.200198] rtc_cmos rtc_cmos: setting system clock to 2018-10-30 17:13:06 UTC (1540919586)
[    8.200259] BIOS EDD facility v0.16 2004-Jun-25, 0 devices found
[    8.200259] EDD information not available.
[    8.422350] Freeing unused kernel memory: 1528K
[    8.441906] Write protecting the kernel read-only data: 14336k
[    8.446304] Freeing unused kernel memory: 1672K
[    8.449324] Freeing unused kernel memory: 92K
Loading, please wait...
starting version 229
[    8.473470] random: udevadm: uninitialized urandom read (16 bytes read, 5 bits of entropy available)
[    8.473751] random: systemd-udevd: uninitialized urandom read (16 bytes read, 5 bits of entropy available)
[    8.473835] random: systemd-udevd: uninitialized urandom read (16 bytes read, 5 bits of entropy available)
[    8.473849] random: systemd-udevd: uninitialized urandom read (16 bytes read, 5 bits of entropy available)
[    8.473865] random: systemd-udevd: uninitialized urandom read (16 bytes read, 5 bits of entropy available)
[    8.503995] random: udevadm: uninitialized urandom read (16 bytes read, 5 bits of entropy available)
[    8.515363] random: systemd-udevd: uninitialized urandom read (16 bytes read, 5 bits of entropy available)
[    8.518802] random: udevadm: uninitialized urandom read (16 bytes read, 5 bits of entropy available)
[    8.518856] random: udevadm: uninitialized urandom read (16 bytes read, 5 bits of entropy available)
[    8.519020] random: udevadm: uninitialized urandom read (16 bytes read, 5 bits of entropy available)
[    8.558660] e1000: Intel(R) PRO/1000 Network Driver - version 7.3.21-k8-NAPI
[    8.598317] e1000: Copyright (c) 1999-2006 Intel Corporation.
[    8.606829] Fusion MPT base driver 3.04.20
[    8.608413] Copyright (c) 1999-2008 LSI Corporation
[    8.617027] Fusion MPT SPI Host driver 3.04.20
[    8.626697] AVX2 version of gcm_enc/dec engaged.
[    8.628293] AES CTR mode by8 optimization enabled
[    8.815509] input: ImExPS/2 Generic Explorer Mouse as /devices/platform/i8042/serio1/input/input4
[    9.036697] e1000 0000:00:03.0 eth0: (PCI:33MHz:32-bit) 02:5a:4b:c7:3e:fa
[    9.054571] e1000 0000:00:03.0 eth0: Intel(R) PRO/1000 Network Connection
[    9.109171] mptbase: ioc0: Initiating bringup
[    9.110176] e1000 0000:00:03.0 enp0s3: renamed from eth0
[    9.220535] ioc0: LSI53C1030 A0: Capabilities={Initiator}
[    9.415130] scsi host2: ioc0: LSI53C1030 A0, FwRev=00000000h, Ports=1, MaxQ=256, IRQ=20
[    9.529413] scsi 2:0:0:0: Direct-Access     VBOX     HARDDISK         1.0  PQ: 0 ANSI: 5
[    9.659268] scsi target2:0:0: Beginning Domain Validation
[    9.669373] scsi target2:0:0: Domain Validation skipping write tests
[    9.956311] scsi target2:0:0: Ending Domain Validation
[   10.655397] scsi target2:0:0: asynchronous
[   10.662231] scsi 2:0:1:0: Direct-Access     VBOX     HARDDISK         1.0  PQ: 0 ANSI: 5
[   10.667555] scsi target2:0:1: Beginning Domain Validation
[   10.673380] scsi target2:0:1: Domain Validation skipping write tests
[   10.676983] scsi target2:0:1: Ending Domain Validation
[   10.700297] scsi target2:0:1: asynchronous
[   10.710208] sd 2:0:0:0: [sda] 20971520 512-byte logical blocks: (10.7 GB/10.0 GiB)
[   10.710419] sd 2:0:0:0: Attached scsi generic sg0 type 0
[   10.710905] sd 2:0:1:0: Attached scsi generic sg1 type 0
[   10.711162] sd 2:0:1:0: [sdb] 20480 512-byte logical blocks: (10.5 MB/10.0 MiB)
[   10.712912] sd 2:0:1:0: [sdb] Write Protect is off
[   10.713175] sd 2:0:1:0: [sdb] Incomplete mode parameter data
[   10.713176] sd 2:0:1:0: [sdb] Assuming drive cache: write through
[   10.717333] sd 2:0:1:0: [sdb] Attached SCSI disk
[   10.912760] sd 2:0:0:0: [sda] Write Protect is off
[   10.942525] sd 2:0:0:0: [sda] Incomplete mode parameter data
[   10.976452] sd 2:0:0:0: [sda] Assuming drive cache: write through
[   11.011481]  sda: sda1
[   11.066344] sd 2:0:0:0: [sda] Attached SCSI disk
Begin: Loading e[   12.422860] md: linear personality registered for level -1
ssential drivers ... [   12.448628] md: multipath personality registered for level -4
[   12.452855] md: raid0 personality registered for level 0
[   12.485635] md: raid1 personality registered for level 1
[   12.612119] raid6: sse2x1   gen() 10800 MB/s
[   12.743733] raid6: sse2x1   xor()  8045 MB/s
[   12.817241] raid6: sse2x2   gen() 12692 MB/s
[   12.903802] raid6: sse2x2   xor()  7191 MB/s
[   12.972103] raid6: sse2x4   gen()  7941 MB/s
[   13.080052] raid6: sse2x4   xor()  9883 MB/s
[   13.201498] raid6: avx2x1   gen() 19990 MB/s
[   13.312099] raid6: avx2x2   gen() 22604 MB/s
[   13.432379] raid6: avx2x4   gen() 27708 MB/s
[   13.491433] raid6: using algorithm avx2x4 gen() 27708 MB/s
[   13.558163] raid6: using avx2x2 recovery algorithm
[   13.634467] xor: automatically using best checksumming function:
[   13.699857]    avx       : 26092.000 MB/sec
[   13.702795] async_tx: api initialized (async)
[   13.760180] md: raid6 personality registered for level 6
[   13.768253] md: raid5 personality registered for level 5
[   13.793666] md: raid4 personality registered for level 4
[   13.820807] md: raid10 personality registered for level 10
done.
Begin: Running /scripts/init-premount ... done.
Begin: Mounting root file system ... Begin: Running /scripts/local-top ... done.
Begin: Running /scripts/local-premount ... [   13.931820] Btrfs loaded
Scanning for Btrfs filesystems
done.
Warning: fsck not present, so skipping root file system
[   13.992374] EXT4-fs (sda1): mounted filesystem with ordered data mode. Opts: (null)
done.
Begin: Running /scripts/local-bottom ... done.
Begin: Running /scripts/init-bottom ... done.
[   14.149434] systemd[1]: systemd 229 running in system mode. (+PAM +AUDIT +SELINUX +IMA +APPARMOR +SMACK +SYSVINIT +UTMP +LIBCRYPTSETUP +GCRYPT +GNUTLS +ACL +XZ -LZ4 +SECCOMP +BLKID +ELFUTILS +KMOD -IDN)
[   14.174537] systemd[1]: Detected virtualization oracle.
[   14.242176] systemd[1]: Detected architecture x86-64.

Welcome to [1mUbuntu 16.04.5 LTS[0m!

[   14.266993] systemd[1]: Set hostname to <ubuntu-xenial>.
[   14.429104] systemd[1]: Listening on LVM2 metadata daemon socket.
[[0;32m  OK  [0m] Listening on LVM2 metadata daemon socket.
[   14.460485] systemd[1]: Listening on Journal Audit Socket.
[[0;32m  OK  [0m] Listening on Journal Audit Socket.
[   14.525131] systemd[1]: Listening on LVM2 poll daemon socket.
[[0;32m  OK  [0m] Listening on LVM2 poll daemon socket.
[   14.609194] systemd[1]: Started Trigger resolvconf update for networkd DNS.
[[0;32m  OK  [0m] Started Trigger resolvconf update for networkd DNS.
[   14.673300] systemd[1]: Listening on udev Control Socket.
[[0;32m  OK  [0m] Listening on udev Control Socket.
[   14.770247] systemd[1]: Created slice User and Session Slice.
[[0;32m  OK  [0m] Created slice User and Session Slice.
[   14.848134] systemd[1]: Listening on Journal Soceet (/dev/log).
[[0;32m  OK  [0m] Listening on Journal Socket (/dev/log).
[   14.984392] systemd[1]: Reached target System Time Synchronized.
[[0;32m  OK  [0m] Reached target System Time Synchronized.
[   14.994623] systemd[1]: Set up automount Arbitrary Executable File Formats File System Automount Point.
[[0;32m  OK  [0m] Set up automount Arbitrary Executab...ats File System Automount Point.
[   15.015287] systemd[1]: Reached target User and Group Name Lookups.
[[0;32m  OK  [0m] Reached target User and Group Name Lookups.
[   15.043435] systemd[1]: Reached target Swap.
[[0;32m  OK  [0m] Reached target Swap.
[   15.049459] systemd[1]: Created slice System Slice.
[[0;32m  OK  [0m] Created slice System Slice.
[   15.056010] systemd[1]: Created slice system-serial\x2dgetty.slice.
[[0;32m  OK  [0m] Created slice system-serial\x2dgetty.slice.
[   15.086463] systemd[1]: Listening on /dev/initctl Compatibility Named Pipe.
[[0;32m  OK  [0m] Listening on /dev/initctl Compatibility Named Pipe.
[   15.116028] systemd[1]: Reached target Slices.
[[0;32m  OK  [0m] Reached target Slices.
[   15.119492] systemd[1]: Listening on Journal Socket.
[[0;32m  OK  [0m] Listening on Journal Socket.
[   15.136169] systemd[1]: Starting Remount Root and Kernel File Systems...
         Starting Remount Root and Kernel File Systems...
[   15.151575] systemd[1]: Starting Create list of required static device nodes for the current kernel...
[   15.157976] EXT4-fs (sda1): re-mounted. Opts: (null)
         Starting Create list of required st... nodes for the current kernel...
[   15.198152] systemd[1]: Starting Load Kernel Modules...
         Starting Load Kernel Modules...
[   15.214929] Loading iSCSI transport class v2.0-870.
[   15.215300] systemd[1]: Mounting Huge Pages File System...
         Mounting Huge Pages File System...
[   15.271385] iscsi: registered transport (tcp)
[   15.328145] systemd[1]: Mounting POSIX Message Queue File System...
         Mounting POSIX Message Queue File System...
[   15.338105] systemd[1]: Starting Nameserver information manager...
         Starting Nameserver information manager[   15.366120] iscsi: registered transport (iser)
...
[   15.416053] systemd[1]: Starting Set console keymap...
[   15.416814] random: nonblocking pool is initialized
         Starting Set console keymap...
[   15.445579] systemd[1]: Mounting Debug File System...
         Mounting Debug File System...
[   15.491228] systemd[1]: Reached target Encrypted Volumes.
[[0;32m  OK  [0m] Reached target Encrypted Volumes.
[   15.551975] systemd[1]: Starting Uncomplicated firewall...
         Starting Uncomplicated firewall...
[   15.556920] systemd[1]: Started Forward Password Requests to Wall Directory Watch.
[[0;32m  OK  [0m] Started Forward Password Requests to Wall Directory Watch.
[   15.571529] systemd[1]: Listening on Syslog Socket.
[[0;32m  OK  [0m] Listening on Syslog Socket.
[   15.616626] systemd[1]: Starting Journal Service...
         Starting Journal Service...
[   15.650478] systemd[1]: Listening on Device-mapper event daemon FIFOs.
[[0;32m  OK  [0m] Listening on Device-mapper event daemon FIFOs.
[   15.732054] systemd[1]: Starting Monitoring of LVM2 mirrors, snapshots etc. using dmeventd or progress polling...
         Starting Monitoring of LVM2 mirrors... dmeventd or progress polling...
[   15.782271] systemd[1]: Listening on udev Kernel Socket.
[[0;32m  OK  [0m] Listening on udev Kernel Socket.
[   15.861833] systemd[1]: Mounted POSIX Message Queue File System.
[[0;32m  OK  [0m] Mounted POSIX Message Queue File System.
[   15.924077] systemd[1]: Mounted Debug File System.
[[0;32m  OK  [0m] Mounted Debug File System.
[   15.971964] systemd[1]: Mounted Huge Pages File System.
[[0;32m  OK  [0m] Mounted Huge Pages File System.
[   15.999197] systemd[1]: Started Journal Service.
[[0;32m  OK  [0m] Started Journal Service.
[[0;32m  OK  [0m] Started Remount Root and Kernel File Systems.
[[0;32m  OK  [0m] Started Create list of required sta...ce nodes for the current kernel.
[[0;32m  OK  [0m] Started Load Kernel Modules.
[[0;32m  OK  [0m] Started Set console keymap.
[[0;32m  OK  [0m] Started Uncomplicated firewall.
[[0;32m  OK  [0m] Started Nameserver information manager.
[[0;32m  OK  [0m] Started LVM2 metadata daemon.
         Mounting FUSE Control File System...
         Starting Apply Kernel Variables...
         Starting Create Static Device Nodes in /dev...
         Starting udev Coldplug all Devices...
         Starting Load/Save Random Seed...
         Starting Flush Journal to Persistent Storage...
[[0;32m  OK  [0m] Mounted FUSE Control File System.
[[0;32m  OK  [0m] Started Apply Kernel Variables.
[[0;32m  OK  [0m] Started Create Static Device Nodes in /dev.
[[0;32m  OK  [0m] Started Load/Save Random Seed.
[[0;32m  OK  [0m] Started udev Coldplug all Devices.
[[0;32m  OK  [0m] Started Flush Journal to Persistent Storage.
         Starting udev Kernel Device Manager...
[[0;32m  OK  [0m] Started udev Kernel Device Manager.
[[0;32m  OK  [0m] Started Dispatch Password Requests to Console Directory Watch.
[[0;32m  OK  [0m] Found device /dev/ttyS0.
[[0;32m  OK  [0m] Listening on Load/Save RF Kill Switch Status /dev/rfkill Watch.
[[0;32m  OK  [0m] Started Monitoring of LVM2 mirrors,...ng dmeventd or progress polling.
[[0;32m  OK  [0m] Reached target Local File Systems (Pre).
[[0;32m  OK  [0m] Reached target Local File Systems.
         Starting Tell Plymouth To Write Out Runtime Data...
         Starting Initial cloud-init job (pre-networking)...
         Starting LSB: AppArmor initialization...
         Starting Create Volatile Files and Directories...
         Starting Set console font and keymap...
[[0;32m  OK  [0m] Started Tell Plymouth To Write Out Runtime Data.
[[0;32m  OK  [0m] Started Create Volatile Files and Directories.
         Starting Update UTMP about System Boot/Shutdown...
[[0;32m  OK  [0m] Started Update UTMP about System Boot/Shutdown.
[[0;32m  OK  [0m] Started LSB: AppArmor initialization.
[[0;32m  OK  [0m] Started Set console font and keymap.
[[0;32m  OK  [0m] Created slice system-getty.slice.
[   13.736334] cloud-init[596]: Cloud-init v. 18.3-9-g2e62cb8a-0ubuntu1~16.04.2 running 'init-local' at Tue, 30 Oct 2018 17:13:15 +0000. Up 13.46 seconds.
[[0;32m  OK  [0m] Started Initial cloud-init job (pre-networking).
[[0;32m  OK  [0m] Reached target Network (Pre).
[[0;32m  OK  [0m] Started ifup for enp0s3.
         Starting Raise network interfaces...
[[0;32m  OK  [0m] Started Raise network interfaces.
         Starting Initial cloud-init job (metadata service crawler)...
[[0;32m  OK  [0m] Reached target Network.
[   14.622493] cloud-init[956]: Cloud-init v. 18.3-9-g2e62cb8a-0ubuntu1~16.04.2 running 'init' at Tue, 30 Oct 2018 17:13:16 +0000. Up 14.27 seconds.
[   14.686825] cloud-init[956]: ci-info: ++++++++++++++++++++++++++++++++++++++Net device info++++++++++++++++++++++++++++++++++++++
[[0;32m  OK  [0m] Started Initial cloud-init job (metadata service crawler).
[[0;32m  OK  [0m] Reached target Cloud-config availability.
[[0;32m  OK  [0m] Reached target Network is Online.
[   14.734983] cloud-init[956]: ci-info: +--------+------+----------------------------+---------------+--------+-------------------+
         Starting iSCSI initiator daemon (iscsid)...
[   14.840679] [[0;32m  OK  [0m] Reached target System Initialization.
[[0;32m  OK  [0m] Started Daily Cleanup of Temporary Directories.
         Starting Socket activation for snappy daemon.
cloud-init[956]: ci-info: | Device |  Up  |          Address           |      Mask     | Scope  |     Hw-Address    |
[   14.949329] [[0;32m  OK  [0m] Started ACPI Events Check.
[[0;32m  OK  [0m] Reached target Paths.
cloud-init[956]: ci-info: +--------+------+----------------------------+---------------+--------+-------------------+
[   15.005176] [[0;32m  OK  [0m] Started Daily apt download activities.
[[0;32m  OK  [0m] Started Daily apt upgrade and clean activities.
[[0;32m  OK  [0m] Reached target Timers.
cloud-init[956]: ci-info: | enp0s3 | True |         10.0.2.15          | 255.255.255.0 | global | 02:5a:4b:c7:3e:fa |
[   15.082743] cloud-init[956]: ci-info: | enp0s3 | True | fe80::5a:4bff:fec7:3efa/64 |       .       |  link  | 02:5a:4b:c7:3e:fa |
         Starting LXD - unix socket.
[[0;32m  OK  [0m] Listening on UUID daemon activation socket.
[[0;32m  OK  [0m] Listening on D-Bus System Message Bus Socket.
[   15.085560] cloud-init[956]: ci-info: |   lo   | True |         127.0.0.1          |   255.0.0.0   |  host  |         .         |
[   15.197322] [[0;32m  OK  [0m] Listening on ACPID Listen Socket.
cloud-init[956]: ci-info: |   lo   | True |          ::1/128           |       .       |  host  |         .         |
[   15.229015] [[0;32m  OK  [0m] Listening on Socket activation for snappy daemon.
[[0;32m  OK  [0m] Listening on LXD - unix socket.
[[0;32m  OK  [0m] Started iSCSI initiator daemon (iscsid).
cloud-init[956]: ci-info: +--------+------+----------------------------+---------------+--------+-------------------+
[   15.239464] cloud-init[956]: ci-info: +++++++++++++++++++++++++++Route IPv4 info++++++++++++++++++++++++++++
[   15.297631]          Starting Login to default iSCSI targets...
[[0;32m  OK  [0m] Reached target Sockets.
[[0;32m  OK  [0m] Reached target Basic System.
cloud-init[956]: ci-info: +-------+-------------+----------+---------------+-----------+-------+
[[0;32m  OK  [0m] Started Deferred execution scheduler.
[   15.387525] [[0;32m  OK  [0m] Started Unattended Upgrades Shutdown.
cloud-init[956]: ci-info: | Route | Destination | Gateway  |    Genmask    | Interface | Flags |
[   15.427323]          Starting Login Service...
cloud-init[956]: ci-info: +-------+-------------+----------+---------------+-----------+-------+
[   15.445261] [[0;32m  OK  [0m] Started ACPI event daemon.
cloud-init[956]: ci-info: |   0   |   0.0.0.0   | 10.0.2.2 |    0.0.0.0    |   enp0s3  |   UG  |
         Starting Snappy daemon...
[   15.460444] cloud-init[956]: ci-info: |   1   |   10.0.2.0  | 0.0.0.0  | 255.255.255.0 |   enp0s3  |   U   |
[[0;32m  OK  [0m] Started FUSE filesystem for LXC.
[   15.471706] cloud-init[956]: ci-info: +-------+-------------+----------+---------------+-----------+-------+
[   15.504631] cloud-init[956]: ci-info: +++++++++++++++++++Route IPv6 info+++++++++++++++++++
[   15.506180] cloud-init[956]: ci-info: +-------+-------------+---------+-----------+-------+
[   15.506865] cloud-init[956]: ci-info: | Route | Destination | Gateway | Interface | Flags |
         Starting LSB: MD monitoring daemon...
[   15.507651] cloud-init[956]: ci-info: +-------+-------------+---------+-----------+-------+
[   15.555703] cloud-init[956]: ci-info: |   0   |  fe80::/64  |    ::   |   enp0s3  |   U   |
         [   15.574264] Starting LXD - container startup/shutdown...cloud-init
[956]: ci-info: |   3   |   ff00::/8  |    ::   |   enp0s3  |   U   |
[   15.660481] cloud-init[956]: ci-info: +-------+-------------+---------+-----------+-------+
         Starting LSB: Record successful boot for GRUB...
         Starting /etc/rc.local Compatibility...
         Starting System Logging Service...
         Starting Virtualbox guest utils...
[[0;32m  OK  [0m] Started Regular background program processing daemon.
[[0;32m  OK  [0m] Started D-Bus System Message Bus.
         Starting OpenBSD Secure Shell server...
         Starting Accounts Service...
[[0;32m  OK  [0m] Started System Logging Service.
[[0;32m  OK  [0m] Started Snappy daemon.
[[0;32m  OK  [0m] Started LXD - container startup/shutdown.
[[0;32m  OK  [0m] Started /etc/rc.local Compatibility.
[[0;32m  OK  [0m] Started OpenBSD Secure Shell server.
[[0;32m  OK  [0m] Started Login to default iSCSI targets.
[[0;32m  OK  [0m] Started LSB: Record successful boot for GRUB.
[[0;32m  OK  [0m] Started LSB: MD monitoring daemon.
[[0;32m  OK  [0m] Started Virtualbox guest utils.
[[0;32m  OK  [0m] Started Login Service.
         Starting Authenticate and Authorize Users to Run Privileged Tasks...
[[0;32m  OK  [0m] Reached target Remote File Systems (Pre).
[[0;32m  OK  [0m] Reached target Remote File Systems.
         Starting LSB: automatic crash report generation...
         Starting LSB: Set the CPU Frequency Scaling governor to "ondemand"...
         Starting Permit User Sessions...
         Starting LSB: daemon to balance interrupts for SMP systems...
         Starting Wait until snapd is fully seeded...
[[0;32m  OK  [0m] Started Permit User Sessions.
[[0;32m  OK  [0m] Started Authenticate and Authorize Users to Run Privileged Tasks.
[[0;32m  OK  [0m] Started Accounts Service.
[[0;32m  OK  [0m] Started LSB: Set the CPU Frequency Scaling governor to "ondemand".
[[0;32m  OK  [0m] Started LSB: automatic crash report generation.
[[0;32m  OK  [0m] Started Wait until snapd is fully seeded.
         Starting Apply the settings specified in cloud-config...
         Starting Terminate Plymouth Boot Screen...
         Starting Hold until boot process finishes up...
[[0;32m  OK  [0m] Started LSB: daemon to balance interrupts for SMP systems.
[[0;32m  OK  [0m] Started Hold until boot process finishes up.
[[0;32m  OK  [0m] Started Terminate Plymouth Boot Screen.
[[0;32m  OK  [0m] Started Getty on tty1.
[[0;32m  OK  [0m] Started Serial Getty on ttyS0.
[[0;32m  OK  [0m] Reached target Login Prompts.
         Starting Set console scheme...
[[0;32m  OK  [0m] Reached target Multi-User System.
[[0;32m  OK  [0m] Reached target Graphical Interface.
         Starting Update UTMP about System Runlevel Changes...
[[0;32m  OK  [0m] Started Set console scheme.
[[0;32m  OK  [0m] Started Update UTMP about System Runlevel Changes.
[   16.870261] cloud-init[1172]: Cloud-init v. 18.3-9-g2e62cb8a-0ubuntu1~16.04.2 running 'modules:config' at Tue, 30 Oct 2018 17:13:19 +0000. Up 16.75 seconds.
[[0;32m  OK  [0m] Started Apply the settings specified in cloud-config.
         Starting Execute cloud user/final scripts...
[   17.291585] cloud-init[1204]: Cloud-init v. 18.3-9-g2e62cb8a-0ubuntu1~16.04.2 running 'modules:final' at Tue, 30 Oct 2018 17:13:19 +0000. Up 17.17 seconds.
[   17.378070] cloud-init[1204]: Cloud-init v. 18.3-9-g2e62cb8a-0ubuntu1~16.04.2 finished at Tue, 30 Oct 2018 17:13:19 +0000. Datasource DataSourceNoCloud [seed=/dev/sdb][dsmode=net].  Up 17.28 seconds
[[0;32m  OK  [0m] Started Execute cloud user/final scripts.
[[0;32m  OK  [0m] Reached target Cloud-init target.

Ubuntu 16.04.5 LTS ubuntu-xenial ttyS0

ubuntu-xenial login: 